["気持ちよく晴れた朝の通学路。",
"もうずいぶん通い慣れたはずなのに、
いまだに覚えられない通学路を歩く。"]