["正門には程なくして到着した。",
"時間はまだ十分にある。
同じ制服姿の生徒たちが、和気藹々と正門を通過していく。",
"習慣通り、自分も正門に向かう。"]