["———と。",
"呼ばれた気がして足を速めると、
そこには生徒会長でもあり友人でもある、
柳洞一成が立っていた。"]