["そういえば……",
"今日から風紀の乱れを取り締まる身体検査……
風紀強化月間だった気がする。"]