["む。いや、無神経なコトを口にした。
生徒会など無理強いしてまで
入ってもらうものではなかったか。"]