["美肉、という造語が脳内に発生する。",
"新鮮な肉を見て肉食獣が奮い立つのは、
それが五感すべてに“旨い”と伝えるからだ。"]