["えー、ボクはジナコ＝カリギリ。
この学園の補欠教員で、今は暇を
持て余している倉庫警備員？　みたいな？"]