["木造の机、木目のタイル、レトロな窓枠。
……妙な懐かしさに胸を締め付けられる。
今は西暦2030年———地上にいる自分では経験しようのない、
旧い時代の学舎の風景が広がっている。"]