["もちろん、衣装代はそちら持ちで♥
可愛い服以外は消し炭にしますので、
そちらの方もご注意のほどを。"]